20:58:57 FILE START src/bookings/blocks.emulator.test.js  (real_elapsed=8s)
20:59:43 FILE END   src/bookings/blocks.emulator.test.js  duration=46s (approx, 5s sampling)
20:59:43 FILE START src/bookings/createAdminBooking.emulator.test.js  (real_elapsed=54s)
20:59:53 FILE END   src/bookings/createAdminBooking.emulator.test.js  duration=10s (approx, 5s sampling)
20:59:53 FILE START src/bookings/createBooking.emulator.test.js  (real_elapsed=64s)
21:00:08 FILE END   src/bookings/createBooking.emulator.test.js  duration=15s (approx, 5s sampling)
21:00:08 FILE START src/bookings/createStaffBooking.emulator.test.js  (real_elapsed=79s)
21:00:13 FILE END   src/bookings/createStaffBooking.emulator.test.js  duration=5s (approx, 5s sampling)
21:00:13 FILE START src/bookings/createStaffWalkIn.emulator.test.js  (real_elapsed=84s)
21:00:33 FILE END   src/bookings/createStaffWalkIn.emulator.test.js  duration=20s (approx, 5s sampling)
21:00:33 FILE START src/bookings/createWalkIn.emulator.test.js  (real_elapsed=104s)
21:00:38 FILE END   src/bookings/createWalkIn.emulator.test.js  duration=5s (approx, 5s sampling)
21:00:38 FILE START src/bookings/reassignBooking.emulator.test.js  (real_elapsed=109s)
21:00:43 FILE END   src/bookings/reassignBooking.emulator.test.js  duration=5s (approx, 5s sampling)
21:00:43 FILE START src/checkout/executor.emulator.test.js  (real_elapsed=114s)
21:01:09 FILE END   src/checkout/executor.emulator.test.js  duration=26s (approx, 5s sampling)
21:01:09 FILE START src/finance/periodClose.emulator.test.js  (real_elapsed=140s)
21:02:10 FILE END   src/finance/periodClose.emulator.test.js  duration=60s (approx, 5s sampling)
21:02:10 FILE START src/inventory/executor.emulator.test.js  (real_elapsed=200s)
21:03:20 FILE END   src/inventory/executor.emulator.test.js  duration=71s (approx, 5s sampling)
