21:04:50 FILE START src/inventory/reconcile.emulator.test.js  (real_elapsed=9s)
21:05:30 FILE END   src/inventory/reconcile.emulator.test.js  duration=40s (approx, 5s sampling)
21:05:30 FILE START src/parsers/importWiring.emulator.test.js  (real_elapsed=49s)
21:05:35 FILE END   src/parsers/importWiring.emulator.test.js  duration=5s (approx, 5s sampling)
21:05:35 FILE START src/payments/connectOauth.emulator.test.js  (real_elapsed=54s)
21:05:56 FILE END   src/payments/connectOauth.emulator.test.js  duration=21s (approx, 5s sampling)
21:05:56 FILE START src/staff/actorAccessGate.emulator.test.js  (real_elapsed=75s)
21:06:01 FILE END   src/staff/actorAccessGate.emulator.test.js  duration=5s (approx, 5s sampling)
21:06:01 FILE START src/staff/lifecycleOffboard.emulator.test.js  (real_elapsed=80s)
21:06:11 FILE END   src/staff/lifecycleOffboard.emulator.test.js  duration=10s (approx, 5s sampling)
21:06:11 FILE START src/staff/offboarding.emulator.test.js  (real_elapsed=90s)
21:06:16 FILE END   src/staff/offboarding.emulator.test.js  duration=5s (approx, 5s sampling)
21:06:16 FILE START src/staff/provisionTeamMember.emulator.test.js  (real_elapsed=95s)
21:06:21 FILE END   src/staff/provisionTeamMember.emulator.test.js  duration=5s (approx, 5s sampling)
21:06:21 FILE START src/staff/rotaArchive.emulator.test.js  (real_elapsed=100s)
21:06:51 FILE END   src/staff/rotaArchive.emulator.test.js  duration=30s (approx, 5s sampling)
21:06:51 FILE START src/staff/rotaCallable.emulator.test.js  (real_elapsed=130s)
21:06:56 FILE END   src/staff/rotaCallable.emulator.test.js  duration=5s (approx, 5s sampling)
21:06:56 FILE START src/staff/rotaOverride.emulator.test.js  (real_elapsed=135s)
21:07:32 FILE END   src/staff/rotaOverride.emulator.test.js  duration=36s (approx, 5s sampling)
21:07:32 FILE START src/staff/rotaSeedImport.emulator.test.js  (real_elapsed=171s)
21:08:18 FILE END   src/staff/rotaSeedImport.emulator.test.js  duration=46s (approx, 5s sampling)
21:08:18 FILE START src/staff/rotaWriter.emulator.test.js  (real_elapsed=217s)
21:08:33 FILE END   src/staff/rotaWriter.emulator.test.js  duration=15s (approx, 5s sampling)
21:08:33 FILE START src/tenants/publishProfile.emulator.test.js  (real_elapsed=232s)
21:08:38 FILE END   src/tenants/publishProfile.emulator.test.js  duration=5s (approx, 5s sampling)
21:08:38 FILE START src/treatmentSessions/sessions.emulator.test.js  (real_elapsed=237s)
21:08:48 FILE END   src/treatmentSessions/sessions.emulator.test.js  duration=10s (approx, 5s sampling)
