21:57:56 FILE START src/bookings/blocks.emulator.test.js  (phase_elapsed=5s)
21:58:47 FILE END   src/bookings/blocks.emulator.test.js  duration=51s
21:58:47 FILE START src/bookings/createAdminBooking.emulator.test.js  (phase_elapsed=56s)
21:58:52 FILE END   src/bookings/createAdminBooking.emulator.test.js  duration=5s
21:58:52 FILE START src/bookings/createBooking.emulator.test.js  (phase_elapsed=61s)
21:59:07 FILE END   src/bookings/createBooking.emulator.test.js  duration=15s
21:59:07 FILE START src/bookings/createStaffBooking.emulator.test.js  (phase_elapsed=76s)
21:59:12 FILE END   src/bookings/createStaffBooking.emulator.test.js  duration=5s
21:59:12 FILE START src/bookings/createStaffWalkIn.emulator.test.js  (phase_elapsed=81s)
21:59:27 FILE END   src/bookings/createStaffWalkIn.emulator.test.js  duration=15s
21:59:27 FILE START src/bookings/createWalkIn.emulator.test.js  (phase_elapsed=96s)
21:59:32 FILE END   src/bookings/createWalkIn.emulator.test.js  duration=5s
21:59:32 FILE START src/bookings/reassignBooking.emulator.test.js  (phase_elapsed=101s)
21:59:37 FILE END   src/bookings/reassignBooking.emulator.test.js  duration=5s
21:59:37 FILE START src/checkout/executor.emulator.test.js  (phase_elapsed=106s)
22:00:03 FILE END   src/checkout/executor.emulator.test.js  duration=26s
22:00:03 FILE START src/finance/periodClose.emulator.test.js  (phase_elapsed=132s)
22:06:35 FILE END   src/finance/periodClose.emulator.test.js  duration=392s
22:06:35 FILE START src/inventory/executor.emulator.test.js  (phase_elapsed=524s)
22:07:51 FILE END   src/inventory/executor.emulator.test.js  duration=76s
22:07:51 FILE START src/inventory/reconcile.emulator.test.js  (phase_elapsed=600s)
22:08:32 FILE END   src/inventory/reconcile.emulator.test.js  duration=41s
22:08:32 FILE START src/parsers/importWiring.emulator.test.js  (phase_elapsed=641s)
22:08:37 FILE END   src/parsers/importWiring.emulator.test.js  duration=5s
22:08:37 FILE START src/payments/connectOauth.emulator.test.js  (phase_elapsed=646s)
22:08:57 FILE END   src/payments/connectOauth.emulator.test.js  duration=20s
22:08:57 FILE START src/staff/actorAccessGate.emulator.test.js  (phase_elapsed=666s)
22:09:02 FILE END   src/staff/actorAccessGate.emulator.test.js  duration=5s
22:09:02 FILE START src/staff/lifecycleOffboard.emulator.test.js  (phase_elapsed=671s)
22:09:13 FILE END   src/staff/lifecycleOffboard.emulator.test.js  duration=10s
22:09:13 FILE START src/staff/offboarding.emulator.test.js  (phase_elapsed=681s)
22:09:18 FILE END   src/staff/offboarding.emulator.test.js  duration=6s
22:09:18 FILE START src/staff/provisionTeamMember.emulator.test.js  (phase_elapsed=687s)
22:09:23 FILE END   src/staff/provisionTeamMember.emulator.test.js  duration=5s
22:09:23 FILE START src/staff/rotaArchive.emulator.test.js  (phase_elapsed=692s)
22:09:53 FILE END   src/staff/rotaArchive.emulator.test.js  duration=30s
22:09:53 FILE START src/staff/rotaOverride.emulator.test.js  (phase_elapsed=722s)
22:10:33 FILE END   src/staff/rotaOverride.emulator.test.js  duration=40s
22:10:33 FILE START src/staff/rotaSeedImport.emulator.test.js  (phase_elapsed=762s)
22:13:58 FILE END   src/staff/rotaSeedImport.emulator.test.js  duration=205s
22:13:58 FILE START src/staff/rotaWriter.emulator.test.js  (phase_elapsed=967s)
22:37:13 FILE END   src/staff/rotaWriter.emulator.test.js  duration=1395s
22:37:13 FILE START src/treatmentSessions/integration.emulator.test.js  (phase_elapsed=2362s)
