vite v8.0.14 building client environment for production...
[2Ktransforming...✓ 280 modules transformed.
rendering chunks...
computing gzip size...
hosting/public-bundle/index.html                                   2.04 kB │ gzip:   0.97 kB
hosting/public-bundle/assets/index-CReMbwY8.css                   10.61 kB │ gzip:   2.96 kB
hosting/public-bundle/assets/rotaHistoryActions-BGNFoYEd.js        0.63 kB │ gzip:   0.43 kB
hosting/public-bundle/assets/PageHeader-DHvYMGRG.js                1.11 kB │ gzip:   0.53 kB
hosting/public-bundle/assets/staffCompActions-CXcyTjbl.js          1.40 kB │ gzip:   0.72 kB
hosting/public-bundle/assets/StatPill-B14Z5Jbs.js                  1.41 kB │ gzip:   0.76 kB
hosting/public-bundle/assets/planLimits-BRh98fqW.js                1.57 kB │ gzip:   0.60 kB
hosting/public-bundle/assets/discountCodes-DTf5RiIQ.js             1.82 kB │ gzip:   0.89 kB
hosting/public-bundle/assets/campaignEmailPreview-BytWdWeU.js      2.79 kB │ gzip:   1.16 kB
hosting/public-bundle/assets/financeSummary-zU4VC2Ib.js            3.06 kB │ gzip:   1.19 kB
hosting/public-bundle/assets/TreatmentJourney-BLsn0HK1.js          3.56 kB │ gzip:   1.31 kB
hosting/public-bundle/assets/CurrencyTotalsPanel-M3pC9PTH.js       6.24 kB │ gzip:   2.07 kB
hosting/public-bundle/assets/loyaltyPolicy-CR5K0Pv7.js             9.76 kB │ gzip:   2.65 kB
hosting/public-bundle/assets/AuditLog-BMHdy9uk.js                  9.99 kB │ gzip:   3.40 kB
hosting/public-bundle/assets/useTreatmentData-1VkA0A6Z.js         10.59 kB │ gzip:   3.76 kB
hosting/public-bundle/assets/AddClientModal-CcaqJWU1.js           14.67 kB │ gzip:   4.01 kB
hosting/public-bundle/assets/FollowUps-vOSr-ZEi.js                15.10 kB │ gzip:   4.52 kB
hosting/public-bundle/assets/Products-DxfgCJOM.js                 19.50 kB │ gzip:   5.04 kB
hosting/public-bundle/assets/PackageAtoms-xcy3xFoP.js             20.12 kB │ gzip:   6.64 kB
hosting/public-bundle/assets/Home-B9XskcvO.js                     32.36 kB │ gzip:   8.59 kB
hosting/public-bundle/assets/Bookings-B2OgJ6Au.js                 32.70 kB │ gzip:   9.20 kB
hosting/public-bundle/assets/Services-B3ExGCi_.js                 42.33 kB │ gzip:   9.65 kB
hosting/public-bundle/assets/Packages-C8QW-b9G.js                 47.13 kB │ gzip:  10.78 kB
hosting/public-bundle/assets/OnlineProfile-Byf-Nz4y.js            58.17 kB │ gzip:  18.06 kB
hosting/public-bundle/assets/Marketing-BDL1gKrN.js                89.07 kB │ gzip:  23.31 kB
hosting/public-bundle/assets/BookingForm-Cgmcivts.js              98.71 kB │ gzip:  25.06 kB
hosting/public-bundle/assets/Clients-DcBaFrCR.js                  98.82 kB │ gzip:  22.81 kB
hosting/public-bundle/assets/Reports-BrzbGOtF.js                 118.37 kB │ gzip:  29.04 kB
hosting/public-bundle/assets/Barbers-Cy9xbSUl.js                 143.64 kB │ gzip:  35.50 kB
hosting/public-bundle/assets/Settings-Du9H0gWB.js                150.76 kB │ gzip:  37.33 kB
hosting/public-bundle/assets/Dashboard-BxYHi3oq.js               153.57 kB │ gzip:  37.49 kB
hosting/public-bundle/assets/Finance-mRHrhYQM.js                 197.35 kB │ gzip:  45.86 kB
hosting/public-bundle/assets/index-Dt1LFmdV.js                 1,289.26 kB │ gzip: 386.03 kB

✓ built in 545ms
[plugin builtin:vite-reporter] 
(!) Some chunks are larger than 500 kB after minification. Consider:
- Using dynamic import() to code-split the application
- Use build.rolldownOptions.output.codeSplitting to improve chunking: https://rolldown.rs/reference/OutputOptions.codeSplitting
- Adjust chunk size limit for this warning via build.chunkSizeWarningLimit.
