
> salown-app@0.0.0 build
> vite build

vite v8.0.14 building client environment for production...
[2Ktransforming...✓ 282 modules transformed.
rendering chunks...
computing gzip size...
hosting/public-bundle/index.html                                   2.04 kB │ gzip:   0.97 kB
hosting/public-bundle/assets/index-CReMbwY8.css                   10.61 kB │ gzip:   2.96 kB
hosting/public-bundle/assets/rotaHistoryActions-DekB1EVc.js        0.63 kB │ gzip:   0.43 kB
hosting/public-bundle/assets/PageHeader-v1NBHu2a.js                1.11 kB │ gzip:   0.53 kB
hosting/public-bundle/assets/staffCompActions-2HLJq6wJ.js          1.40 kB │ gzip:   0.72 kB
hosting/public-bundle/assets/StatPill-DjuZ8Q3k.js                  1.41 kB │ gzip:   0.76 kB
hosting/public-bundle/assets/planLimits-BRh98fqW.js                1.57 kB │ gzip:   0.60 kB
hosting/public-bundle/assets/discountCodes-B37-45Gb.js             1.82 kB │ gzip:   0.89 kB
hosting/public-bundle/assets/campaignEmailPreview-BytWdWeU.js      2.79 kB │ gzip:   1.16 kB
hosting/public-bundle/assets/financeSummary-zU4VC2Ib.js            3.06 kB │ gzip:   1.19 kB
hosting/public-bundle/assets/TreatmentJourney-ullOPk-8.js          3.56 kB │ gzip:   1.31 kB
hosting/public-bundle/assets/CurrencyTotalsPanel-BhlDvj-0.js       6.24 kB │ gzip:   2.07 kB
hosting/public-bundle/assets/loyaltyPolicy-CR5K0Pv7.js             9.76 kB │ gzip:   2.65 kB
hosting/public-bundle/assets/AuditLog-BffwR1N7.js                  9.99 kB │ gzip:   3.40 kB
hosting/public-bundle/assets/useTreatmentData-CptL8nwU.js         10.59 kB │ gzip:   3.77 kB
hosting/public-bundle/assets/AddClientModal-ClxU0WX-.js           14.67 kB │ gzip:   4.01 kB
hosting/public-bundle/assets/FollowUps-CqZ1TaKZ.js                15.10 kB │ gzip:   4.52 kB
hosting/public-bundle/assets/Products-NSinYqB-.js                 19.50 kB │ gzip:   5.04 kB
hosting/public-bundle/assets/PackageAtoms-C1RvdDMs.js             20.12 kB │ gzip:   6.65 kB
hosting/public-bundle/assets/Home-CCfa4x01.js                     32.36 kB │ gzip:   8.59 kB
hosting/public-bundle/assets/Bookings-CDr20VAs.js                 32.70 kB │ gzip:   9.20 kB
hosting/public-bundle/assets/Services-Cnxvjkm9.js                 42.33 kB │ gzip:   9.65 kB
hosting/public-bundle/assets/Packages-oC3gch3V.js                 47.13 kB │ gzip:  10.79 kB
hosting/public-bundle/assets/OnlineProfile-Izrz8Ao6.js            58.17 kB │ gzip:  18.06 kB
hosting/public-bundle/assets/Marketing-Bal_arU8.js                89.07 kB │ gzip:  23.30 kB
hosting/public-bundle/assets/BookingForm-9gZjwyfc.js              98.71 kB │ gzip:  25.06 kB
hosting/public-bundle/assets/Clients-BhVMj9Hq.js                  98.82 kB │ gzip:  22.81 kB
hosting/public-bundle/assets/Reports-BeCvYXzR.js                 118.80 kB │ gzip:  29.15 kB
hosting/public-bundle/assets/Barbers-xwnT_bbf.js                 143.64 kB │ gzip:  35.50 kB
hosting/public-bundle/assets/Settings-JxE-zQUh.js                150.76 kB │ gzip:  37.33 kB
hosting/public-bundle/assets/Dashboard-C-d7wmT3.js               153.57 kB │ gzip:  37.50 kB
hosting/public-bundle/assets/Finance-BX7z0Fin.js                 197.35 kB │ gzip:  45.87 kB
hosting/public-bundle/assets/index-HoU6JcWv.js                 1,299.77 kB │ gzip: 389.19 kB

✓ built in 1.13s
[plugin builtin:vite-reporter] 
(!) Some chunks are larger than 500 kB after minification. Consider:
- Using dynamic import() to code-split the application
- Use build.rolldownOptions.output.codeSplitting to improve chunking: https://rolldown.rs/reference/OutputOptions.codeSplitting
- Adjust chunk size limit for this warning via build.chunkSizeWarningLimit.
